// Jest Snapshot v1, https://goo.gl/fbAQLP

exports[`Storyshots Choice Normal 1`] = `
<div
  className="choice__Wrapper-sc-1k1omlp-0 bvhpJK"
>
  <select
    className="choice__Select-sc-1k1omlp-1 ilDHRF"
  >
    <option>
      Option 1
    </option>
    <option>
      Option 2
    </option>
  </select>
</div>
`;

exports[`Storyshots Choices Normal 1`] = `
<div
  className="choices__Container-sc-800kf9-0 kPGmCS"
>
  I am a  
  <div
    className="choice__Wrapper-sc-1k1omlp-0 bvhpJK"
  >
    <select
      className="choice__Select-sc-1k1omlp-1 ilDHRF"
    >
      <option>
        Front End Engineer I
      </option>
      <option>
        Front End Engineer II
      </option>
      <option>
        Lead Front End Engineer
      </option>
      <option>
        Back End Engineer I
      </option>
      <option>
        Back End Engineer II
      </option>
      <option>
        Lead Back End Engineer
      </option>
      <option>
        Customer Success Champion I
      </option>
      <option>
        Customer Success Champion II
      </option>
      <option>
        Lead Customer Success Champion
      </option>
    </select>
  </div>
    and, for health benefits, I  
  <div
    className="choice__Wrapper-sc-1k1omlp-0 bvhpJK"
  >
    <select
      className="choice__Select-sc-1k1omlp-1 ilDHRF"
    >
      <option>
        donʼt
      </option>
      <option>
        do
      </option>
    </select>
  </div>
     have a spouse/dependents. Iʼve been with Sparksuite for  
  <div
    className="choice__Wrapper-sc-1k1omlp-0 bvhpJK"
  >
    <select
      className="choice__Select-sc-1k1omlp-1 ilDHRF"
    >
      <option>
        less than one year
      </option>
      <option>
        one to two years
      </option>
      <option>
        two to three years
      </option>
      <option>
        three to four years
      </option>
      <option>
        more than four years
      </option>
    </select>
  </div>
</div>
`;

exports[`Storyshots Gradient Normal 1`] = `
<div
  className="gradient__Gradient-zihgh-0 hjEpSB"
/>
`;

exports[`Storyshots Header Normal 1`] = `
Array [
  <div
    className="header__Title-vob98y-0 dbnGjZ"
  >
    Sparksuiteʼs Salary Calculator
  </div>,
  <div
    className="header__Subtitle-vob98y-1 jDVMfa"
  >
    Transparent, predictable, & holistic compensation
  </div>,
]
`;
